# M3-I8 A/B

## Mechanism: activated expert groups per layer (the number M3-I1 measured at 56.4 / 59.4 / 60.2 / 70.1 / 86.7)

| bs | cap 8*bs | predicted | base | v1 | v2a | v2b |
|---|---|---|---|---|---|---|
| 1 | 8 | 8.0 | 56.6 | 9.6 | 8.8 | 8.3 |
| 2 | 16 | 14.7 | 59.6 | 16.9 | - | - |
| 4 | 32 | 24.6 | 60.5 | 30.3 | - | - |
| 8 | 64 | 47.9 | 69.9 | 50.4 | 49.5 | - |
| 16 | 128 | 86.7 | 87.0 | 87.0 | - | - |

## moe_w13: per-task us / waves / wall span per layer

| bs | base T | base waves | base wall | v1 T | v1 waves | v1 wall | v2a T | v2a waves | v2a wall | v2b T | v2b waves | v2b wall |
|---|---|---|---|---|---|---|---|---|---|---|---|---|
| 1 | 58.2 | 1 | 76.8 | 47.6 | 1 | 59.4 | 26.3 | 1 | 38.0 | 15.5 | 1 | 34.8 |
| 2 | 58.8 | 1 | 86.7 | 48.4 | 1 | 59.9 | - | - | - | - | - | - |
| 4 | 59.4 | 1 | 77.7 | 52.0 | 1 | 61.9 | - | - | - | - | - | - |
| 8 | 60.7 | 2 | 117.3 | 58.5 | 1 | 66.2 | 31.2 | 2 | 72.7 | - | - | - |
| 16 | 61.1 | 2 | 125.6 | 61.1 | 2 | 125.2 | - | - | - | - | - | - |

## moe_w2: per-task us / waves / wall span per layer

| bs | base T | base waves | base wall | v1 T | v1 waves | v1 wall | v2a T | v2a waves | v2a wall | v2b T | v2b waves | v2b wall |
|---|---|---|---|---|---|---|---|---|---|---|---|---|
| 1 | 30.7 | 1 | 43.0 | 29.8 | 1 | 33.6 | 16.2 | 1 | 24.0 | 9.4 | 1 | 27.8 |
| 2 | 30.7 | 1 | 48.2 | 30.2 | 1 | 34.6 | - | - | - | - | - | - |
| 4 | 30.9 | 1 | 43.3 | 30.6 | 1 | 35.9 | - | - | - | - | - | - |
| 8 | 30.9 | 2 | 62.6 | 30.7 | 1 | 36.3 | 16.7 | 2 | 43.1 | - | - | - |
| 16 | 30.7 | 2 | 66.2 | 30.7 | 2 | 66.1 | - | - | - | - | - | - |

## Step time and decode throughput

| bs | I1 step | base step | base vs base | v1 step | v1 vs base | v2a step | v2a vs base | v2b step | v2b vs base |
|---|---|---|---|---|---|---|---|---|---|
| 1 | 15264 | 11715 | +0.0% | 10676 | +9.7% | 9402 | +24.6% | 9396 | +24.7% |
| 2 | 15648 | 12474 | +0.0% | 10823 | +15.3% | - | - | - | - |
| 4 | 15645 | 11868 | +0.0% | 11080 | +7.1% | - | - | - | - |
| 8 | 18618 | 15610 | +0.0% | 12479 | +25.1% | 13048 | +19.6% | - | - |
| 16 | 22005 | 18736 | +0.0% | 18739 | -0.0% | - | - | - | - |

## Falsifier check (predictions.md F1/F2)

  bs1   v1    activated=9.6 cap=8    FALSIFIED (F1): the router gate did not take effect
  bs1   v2a   activated=8.8 cap=8    FALSIFIED (F1): the router gate did not take effect
  bs1   v2b   activated=8.3 cap=8    OK
  bs2   v1    activated=16.9 cap=16   FALSIFIED (F1): the router gate did not take effect
  bs4   v1    activated=30.3 cap=32   OK
  bs8   v1    activated=50.4 cap=64   OK
  bs8   v2a   activated=49.5 cap=64   OK
  bs16  v1    activated=87.0 cap=128  OK
