device: NVIDIA B200  torch 2.13.0+cu130

[1/2] shape coverage + GVA head mapping vs a torch reference
    PASS  Hv=32 Hk=16 Dk=128 Dv=128 qkv_stride= 8192  o=0.00e+00 y=0.00e+00 S=2.98e-08 (|S|rms=3.71e-02)
    PASS  Hv=32 Hk=16 Dk=128 Dv=128 qkv_stride= 8192  GVA mapping is live (q-head swap changes v-heads 0,1)
    PASS  Hv=32 Hk=16 Dk=128 Dv=128 qkv_stride=12288  o=3.73e-09 y=5.96e-08 S=4.47e-08 (|S|rms=3.73e-02)
    PASS  Hv=32 Hk=16 Dk=128 Dv=128 qkv_stride=12288  GVA mapping is live (q-head swap changes v-heads 0,1)
    PASS  Hv= 8 Hk= 4 Dk=128 Dv=128 qkv_stride= 2048  o=0.00e+00 y=0.00e+00 S=2.98e-08 (|S|rms=2.98e-02)
    PASS  Hv= 8 Hk= 4 Dk=128 Dv=128 qkv_stride= 2048  GVA mapping is live (q-head swap changes v-heads 0,1)
    PASS  Hv= 4 Hk= 2 Dk= 32 Dv= 32 qkv_stride=  256  o=0.00e+00 y=0.00e+00 S=2.98e-08 (|S|rms=5.00e-02)
    PASS  Hv= 4 Hk= 2 Dk= 32 Dv= 32 qkv_stride=  256  GVA mapping is live (q-head swap changes v-heads 0,1)
    PASS  Hv= 4 Hk= 4 Dk= 32 Dv= 32 qkv_stride=  384  o=0.00e+00 y=0.00e+00 S=2.98e-08 (|S|rms=5.36e-02)
    PASS  Hv= 4 Hk= 1 Dk= 32 Dv= 32 qkv_stride=  192  o=0.00e+00 y=0.00e+00 S=2.98e-08 (|S|rms=4.70e-02)
    PASS  Hv= 4 Hk= 1 Dk= 32 Dv= 32 qkv_stride=  192  GVA mapping is live (q-head swap changes v-heads 0,1)
    PASS  Hv= 2 Hk= 1 Dk= 64 Dv= 64 qkv_stride=  256  o=0.00e+00 y=0.00e+00 S=2.98e-08 (|S|rms=5.41e-02)
    PASS  Hv= 2 Hk= 1 Dk= 64 Dv= 64 qkv_stride=  256  GVA mapping is live (q-head swap changes v-heads 0,1)

[3/7] per-slot isolation with interleaved, different-length requests
    PASS  slot 0 (Q_LEN=3, zero_state=1) output is batch-invariant
    PASS  slot 0 state is batch-invariant
    PASS  slot 1 (Q_LEN=1, zero_state=0) output is batch-invariant
    PASS  slot 1 state is batch-invariant
    PASS  slot 2 (Q_LEN=5, zero_state=0) output is batch-invariant
    PASS  slot 2 state is batch-invariant
    PASS  slot 3 (Q_LEN=2, zero_state=1) output is batch-invariant
    PASS  slot 3 state is batch-invariant
    PASS  slot 0 matches the torch reference
    PASS  slot 1 matches the torch reference
    PASS  slot 2 matches the torch reference
    PASS  slot 3 matches the torch reference

[4] step == 0 predicate (fresh slot ignores the stale pool)
    PASS  zero_state=1 on a dirty pool == zero_state=0 on a zeroed pool (output)
    PASS  ... and the written-back state is identical too
    PASS  the predicate is LIVE (carrying the stale state gives a different answer)

[5] parked slot (Q_LEN == 0) leaves its state byte-identical
    PASS  parked slot 1 state untouched (bit-identical)
    PASS  parked slot ignores zero_state too (early return precedes it)
    PASS  active neighbours of a parked slot are unaffected

[6] carried chain: N single-token decodes == one N-token chunk
    PASS  per-token decode output == chunked output (bit-identical)
    PASS  per-token carried state == chunked state (bit-identical)
    PASS  8-step chain vs torch reference: y=2.98e-08 S=2.98e-08 (S rel 8.73e-07)

[7b] a task writes ONLY its own (slot, head) state slice
    PASS  inactive slot 1 fully untouched
    PASS  every head of the active slot was updated (8/8)

[8] decode split path is bit-exact vs the golden task impl
    PASS  (32, 16, 128, 128, 8192, 64, 4096, 4096) slots=1 split=1 depth=2: out bit-exact=True state bit-exact=True
    PASS  (32, 16, 128, 128, 8192, 64, 4096, 4096) slots=1 split=1 depth=2: arrival counters self-reset
    PASS  (32, 16, 128, 128, 8192, 64, 4096, 4096) slots=1 split=2 depth=2: out bit-exact=True state bit-exact=True
    PASS  (32, 16, 128, 128, 8192, 64, 4096, 4096) slots=1 split=2 depth=2: arrival counters self-reset
    PASS  (32, 16, 128, 128, 8192, 64, 4096, 4096) slots=1 split=4 depth=2: out bit-exact=True state bit-exact=True
    PASS  (32, 16, 128, 128, 8192, 64, 4096, 4096) slots=1 split=4 depth=2: arrival counters self-reset
    PASS  (32, 16, 128, 128, 8192, 64, 4096, 4096) slots=1 split=8 depth=2: out bit-exact=True state bit-exact=True
    PASS  (32, 16, 128, 128, 8192, 64, 4096, 4096) slots=1 split=8 depth=2: arrival counters self-reset
    PASS  (32, 16, 128, 128, 8192, 64, 4096, 4096) slots=1 split=16 depth=2: out bit-exact=True state bit-exact=True
    PASS  (32, 16, 128, 128, 8192, 64, 4096, 4096) slots=1 split=16 depth=2: arrival counters self-reset
    PASS  (32, 16, 128, 128, 8192, 64, 4096, 4096) slots=1 split=32 depth=2: out bit-exact=True state bit-exact=True
    PASS  (32, 16, 128, 128, 8192, 64, 4096, 4096) slots=1 split=32 depth=2: arrival counters self-reset
    PASS  (32, 16, 128, 128, 8192, 64, 4096, 4096) slots=1 split=1 depth=3: out bit-exact=True state bit-exact=True
    PASS  (32, 16, 128, 128, 8192, 64, 4096, 4096) slots=1 split=1 depth=3: arrival counters self-reset
    PASS  (32, 16, 128, 128, 8192, 64, 4096, 4096) slots=1 split=1 depth=4: out bit-exact=True state bit-exact=True
    PASS  (32, 16, 128, 128, 8192, 64, 4096, 4096) slots=1 split=1 depth=4: arrival counters self-reset
    PASS  (32, 16, 128, 128, 8192, 64, 4096, 4096) slots=1 split=2 depth=4: out bit-exact=True state bit-exact=True
    PASS  (32, 16, 128, 128, 8192, 64, 4096, 4096) slots=1 split=2 depth=4: arrival counters self-reset
    PASS  (32, 16, 128, 128, 8192, 64, 4096, 4096) slots=1 split=4 depth=4: out bit-exact=True state bit-exact=True
    PASS  (32, 16, 128, 128, 8192, 64, 4096, 4096) slots=1 split=4 depth=4: arrival counters self-reset
    PASS  (32, 16, 128, 128, 8192, 64, 4096, 4096) slots=3 split=1 depth=2: out bit-exact=True state bit-exact=True
    PASS  (32, 16, 128, 128, 8192, 64, 4096, 4096) slots=3 split=1 depth=2: arrival counters self-reset
    PASS  (32, 16, 128, 128, 8192, 64, 4096, 4096) slots=3 split=2 depth=2: out bit-exact=True state bit-exact=True
    PASS  (32, 16, 128, 128, 8192, 64, 4096, 4096) slots=3 split=2 depth=2: arrival counters self-reset
    PASS  (32, 16, 128, 128, 8192, 64, 4096, 4096) slots=3 split=4 depth=2: out bit-exact=True state bit-exact=True
    PASS  (32, 16, 128, 128, 8192, 64, 4096, 4096) slots=3 split=4 depth=2: arrival counters self-reset
    PASS  (32, 16, 128, 128, 8192, 64, 4096, 4096) slots=3 split=8 depth=2: out bit-exact=True state bit-exact=True
    PASS  (32, 16, 128, 128, 8192, 64, 4096, 4096) slots=3 split=8 depth=2: arrival counters self-reset
    PASS  (32, 16, 128, 128, 8192, 64, 4096, 4096) slots=3 split=16 depth=2: out bit-exact=True state bit-exact=True
    PASS  (32, 16, 128, 128, 8192, 64, 4096, 4096) slots=3 split=16 depth=2: arrival counters self-reset
    PASS  (32, 16, 128, 128, 8192, 64, 4096, 4096) slots=3 split=32 depth=2: out bit-exact=True state bit-exact=True
    PASS  (32, 16, 128, 128, 8192, 64, 4096, 4096) slots=3 split=32 depth=2: arrival counters self-reset
    PASS  (32, 16, 128, 128, 8192, 64, 4096, 4096) slots=3 split=1 depth=3: out bit-exact=True state bit-exact=True
    PASS  (32, 16, 128, 128, 8192, 64, 4096, 4096) slots=3 split=1 depth=3: arrival counters self-reset
    PASS  (32, 16, 128, 128, 8192, 64, 4096, 4096) slots=3 split=1 depth=4: out bit-exact=True state bit-exact=True
    PASS  (32, 16, 128, 128, 8192, 64, 4096, 4096) slots=3 split=1 depth=4: arrival counters self-reset
    PASS  (32, 16, 128, 128, 8192, 64, 4096, 4096) slots=3 split=2 depth=4: out bit-exact=True state bit-exact=True
    PASS  (32, 16, 128, 128, 8192, 64, 4096, 4096) slots=3 split=2 depth=4: arrival counters self-reset
    PASS  (32, 16, 128, 128, 8192, 64, 4096, 4096) slots=3 split=4 depth=4: out bit-exact=True state bit-exact=True
    PASS  (32, 16, 128, 128, 8192, 64, 4096, 4096) slots=3 split=4 depth=4: arrival counters self-reset
    PASS  (32, 16, 128, 128, 12288, 64, 4096, 4096) slots=1 split=1 depth=2: out bit-exact=True state bit-exact=True
    PASS  (32, 16, 128, 128, 12288, 64, 4096, 4096) slots=1 split=1 depth=2: arrival counters self-reset
    PASS  (32, 16, 128, 128, 12288, 64, 4096, 4096) slots=1 split=2 depth=2: out bit-exact=True state bit-exact=True
    PASS  (32, 16, 128, 128, 12288, 64, 4096, 4096) slots=1 split=2 depth=2: arrival counters self-reset
    PASS  (32, 16, 128, 128, 12288, 64, 4096, 4096) slots=1 split=4 depth=2: out bit-exact=True state bit-exact=True
    PASS  (32, 16, 128, 128, 12288, 64, 4096, 4096) slots=1 split=4 depth=2: arrival counters self-reset
    PASS  (32, 16, 128, 128, 12288, 64, 4096, 4096) slots=3 split=1 depth=2: out bit-exact=True state bit-exact=True
    PASS  (32, 16, 128, 128, 12288, 64, 4096, 4096) slots=3 split=1 depth=2: arrival counters self-reset
    PASS  (32, 16, 128, 128, 12288, 64, 4096, 4096) slots=3 split=2 depth=2: out bit-exact=True state bit-exact=True
    PASS  (32, 16, 128, 128, 12288, 64, 4096, 4096) slots=3 split=2 depth=2: arrival counters self-reset
    PASS  (32, 16, 128, 128, 12288, 64, 4096, 4096) slots=3 split=4 depth=2: out bit-exact=True state bit-exact=True
    PASS  (32, 16, 128, 128, 12288, 64, 4096, 4096) slots=3 split=4 depth=2: arrival counters self-reset
    PASS  (8, 4, 128, 128, 2048, 16, 1024, 1024) slots=1 split=1 depth=2: out bit-exact=True state bit-exact=True
    PASS  (8, 4, 128, 128, 2048, 16, 1024, 1024) slots=1 split=1 depth=2: arrival counters self-reset
    PASS  (8, 4, 128, 128, 2048, 16, 1024, 1024) slots=1 split=2 depth=2: out bit-exact=True state bit-exact=True
    PASS  (8, 4, 128, 128, 2048, 16, 1024, 1024) slots=1 split=2 depth=2: arrival counters self-reset
    PASS  (8, 4, 128, 128, 2048, 16, 1024, 1024) slots=1 split=4 depth=2: out bit-exact=True state bit-exact=True
    PASS  (8, 4, 128, 128, 2048, 16, 1024, 1024) slots=1 split=4 depth=2: arrival counters self-reset
    PASS  (8, 4, 128, 128, 2048, 16, 1024, 1024) slots=3 split=1 depth=2: out bit-exact=True state bit-exact=True
    PASS  (8, 4, 128, 128, 2048, 16, 1024, 1024) slots=3 split=1 depth=2: arrival counters self-reset
    PASS  (8, 4, 128, 128, 2048, 16, 1024, 1024) slots=3 split=2 depth=2: out bit-exact=True state bit-exact=True
    PASS  (8, 4, 128, 128, 2048, 16, 1024, 1024) slots=3 split=2 depth=2: arrival counters self-reset
    PASS  (8, 4, 128, 128, 2048, 16, 1024, 1024) slots=3 split=4 depth=2: out bit-exact=True state bit-exact=True
    PASS  (8, 4, 128, 128, 2048, 16, 1024, 1024) slots=3 split=4 depth=2: arrival counters self-reset
    PASS  (4, 2, 32, 32, 256, 8, 128, 128) slots=1 split=1 depth=2: out bit-exact=True state bit-exact=True
    PASS  (4, 2, 32, 32, 256, 8, 128, 128) slots=1 split=1 depth=2: arrival counters self-reset
    PASS  (4, 2, 32, 32, 256, 8, 128, 128) slots=1 split=2 depth=2: out bit-exact=True state bit-exact=True
    PASS  (4, 2, 32, 32, 256, 8, 128, 128) slots=1 split=2 depth=2: arrival counters self-reset
    PASS  (4, 2, 32, 32, 256, 8, 128, 128) slots=1 split=4 depth=2: out bit-exact=True state bit-exact=True
    PASS  (4, 2, 32, 32, 256, 8, 128, 128) slots=1 split=4 depth=2: arrival counters self-reset
    PASS  (4, 2, 32, 32, 256, 8, 128, 128) slots=3 split=1 depth=2: out bit-exact=True state bit-exact=True
    PASS  (4, 2, 32, 32, 256, 8, 128, 128) slots=3 split=1 depth=2: arrival counters self-reset
    PASS  (4, 2, 32, 32, 256, 8, 128, 128) slots=3 split=2 depth=2: out bit-exact=True state bit-exact=True
    PASS  (4, 2, 32, 32, 256, 8, 128, 128) slots=3 split=2 depth=2: arrival counters self-reset
    PASS  (4, 2, 32, 32, 256, 8, 128, 128) slots=3 split=4 depth=2: out bit-exact=True state bit-exact=True
    PASS  (4, 2, 32, 32, 256, 8, 128, 128) slots=3 split=4 depth=2: arrival counters self-reset
    PASS  (4, 4, 32, 32, 384, 8, 128, 128) slots=1 split=1 depth=2: out bit-exact=True state bit-exact=True
    PASS  (4, 4, 32, 32, 384, 8, 128, 128) slots=1 split=1 depth=2: arrival counters self-reset
    PASS  (4, 4, 32, 32, 384, 8, 128, 128) slots=1 split=2 depth=2: out bit-exact=True state bit-exact=True
    PASS  (4, 4, 32, 32, 384, 8, 128, 128) slots=1 split=2 depth=2: arrival counters self-reset
    PASS  (4, 4, 32, 32, 384, 8, 128, 128) slots=1 split=4 depth=2: out bit-exact=True state bit-exact=True
    PASS  (4, 4, 32, 32, 384, 8, 128, 128) slots=1 split=4 depth=2: arrival counters self-reset
    PASS  (4, 4, 32, 32, 384, 8, 128, 128) slots=3 split=1 depth=2: out bit-exact=True state bit-exact=True
    PASS  (4, 4, 32, 32, 384, 8, 128, 128) slots=3 split=1 depth=2: arrival counters self-reset
    PASS  (4, 4, 32, 32, 384, 8, 128, 128) slots=3 split=2 depth=2: out bit-exact=True state bit-exact=True
    PASS  (4, 4, 32, 32, 384, 8, 128, 128) slots=3 split=2 depth=2: arrival counters self-reset
    PASS  (4, 4, 32, 32, 384, 8, 128, 128) slots=3 split=4 depth=2: out bit-exact=True state bit-exact=True
    PASS  (4, 4, 32, 32, 384, 8, 128, 128) slots=3 split=4 depth=2: arrival counters self-reset
    PASS  (4, 1, 32, 32, 192, 8, 128, 128) slots=1 split=1 depth=2: out bit-exact=True state bit-exact=True
    PASS  (4, 1, 32, 32, 192, 8, 128, 128) slots=1 split=1 depth=2: arrival counters self-reset
    PASS  (4, 1, 32, 32, 192, 8, 128, 128) slots=1 split=2 depth=2: out bit-exact=True state bit-exact=True
    PASS  (4, 1, 32, 32, 192, 8, 128, 128) slots=1 split=2 depth=2: arrival counters self-reset
    PASS  (4, 1, 32, 32, 192, 8, 128, 128) slots=1 split=4 depth=2: out bit-exact=True state bit-exact=True
    PASS  (4, 1, 32, 32, 192, 8, 128, 128) slots=1 split=4 depth=2: arrival counters self-reset
    PASS  (4, 1, 32, 32, 192, 8, 128, 128) slots=3 split=1 depth=2: out bit-exact=True state bit-exact=True
    PASS  (4, 1, 32, 32, 192, 8, 128, 128) slots=3 split=1 depth=2: arrival counters self-reset
    PASS  (4, 1, 32, 32, 192, 8, 128, 128) slots=3 split=2 depth=2: out bit-exact=True state bit-exact=True
    PASS  (4, 1, 32, 32, 192, 8, 128, 128) slots=3 split=2 depth=2: arrival counters self-reset
    PASS  (4, 1, 32, 32, 192, 8, 128, 128) slots=3 split=4 depth=2: out bit-exact=True state bit-exact=True
    PASS  (4, 1, 32, 32, 192, 8, 128, 128) slots=3 split=4 depth=2: arrival counters self-reset
    PASS  (2, 1, 64, 64, 256, 4, 128, 128) slots=1 split=1 depth=2: out bit-exact=True state bit-exact=True
    PASS  (2, 1, 64, 64, 256, 4, 128, 128) slots=1 split=1 depth=2: arrival counters self-reset
    PASS  (2, 1, 64, 64, 256, 4, 128, 128) slots=1 split=2 depth=2: out bit-exact=True state bit-exact=True
    PASS  (2, 1, 64, 64, 256, 4, 128, 128) slots=1 split=2 depth=2: arrival counters self-reset
    PASS  (2, 1, 64, 64, 256, 4, 128, 128) slots=1 split=4 depth=2: out bit-exact=True state bit-exact=True
    PASS  (2, 1, 64, 64, 256, 4, 128, 128) slots=1 split=4 depth=2: arrival counters self-reset
    PASS  (2, 1, 64, 64, 256, 4, 128, 128) slots=3 split=1 depth=2: out bit-exact=True state bit-exact=True
    PASS  (2, 1, 64, 64, 256, 4, 128, 128) slots=3 split=1 depth=2: arrival counters self-reset
    PASS  (2, 1, 64, 64, 256, 4, 128, 128) slots=3 split=2 depth=2: out bit-exact=True state bit-exact=True
    PASS  (2, 1, 64, 64, 256, 4, 128, 128) slots=3 split=2 depth=2: arrival counters self-reset
    PASS  (2, 1, 64, 64, 256, 4, 128, 128) slots=3 split=4 depth=2: out bit-exact=True state bit-exact=True
    PASS  (2, 1, 64, 64, 256, 4, 128, 128) slots=3 split=4 depth=2: arrival counters self-reset

[8b] repeated launches reuse one scratch buffer correctly
    PASS  split=2: 4 back-to-back launches on one scratch, all bit-exact
    PASS  split=4: 4 back-to-back launches on one scratch, all bit-exact
    PASS  split=16: 4 back-to-back launches on one scratch, all bit-exact

ALL GDN_RECURRENT UNIT TESTS PASSED
