=== probing GPU 6 (3 samples, 3s apart) ===
  sample 1: GPU 6 used=0MiB util=0%
  sample 2: GPU 6 used=1MiB util=0%
  sample 3: GPU 6 used=4MiB util=0%
GPU 6 stable-idle across 3 samples -- claiming it (M3-I6A).
=== running (CUDA_VISIBLE_DEVICES=6): bash run_ctx.sh ===
df /raid avail=189G
===== [qp4_bs1_msl897] msl=897 new=96 (compile) 2026-07-28T03:53:15-04:00 =====
rc=0 [mpk_engine] profiler: 60620962 events, header nblocks=208 ngroups=1, fill=23.3%
[mpk_engine] bs1_rep0: wall=7143.1ms steps=640 events=60620962
--- ctx_curve qp4_bs1_msl897 ---
anchor QC: n_it=655 anchor/step=1.0 max_frac_err=0.0000 valid=True mismatched_types=3
   MISMATCH t=0 TASK_TERMINATE obs=0.0 static=1
   MISMATCH t=201 TASK_SCHD_EVENTS obs=2277.0 static=0
   MISMATCH t=204 TASK_SCHD_PREPARE_BATCH obs=1.0 static=0
        iters  ctx(mean)   step_us  attn_wall  attn_sum  attn_n  attn_mean  blk  gdn_wall  fp8_wall
    0-96             296   11744.1     1207.3    2405.3   20.00     120.27   19     969.5    2939.5
   48-144            336   10379.7      807.5    1608.2   20.00      80.41   19     233.9    2937.4
   96-192            384   10449.8      872.4    1737.9   20.00      86.89   19     233.8    2939.0
  144-240            432   10516.1      936.8    1866.5   20.00      93.33   19     234.0    2939.0
  192-288            480   10571.1      992.0    1976.7   20.00      98.83   19     234.1    2938.5
  240-336            528   10627.2     1047.3    2087.0   20.00     104.35   19     233.7    2938.7
  288-384            576   10691.3     1111.8    2215.9   20.00     110.79   19     233.6    2938.4
  336-432            624   10752.6     1176.4    2344.7   20.00     117.24   19     233.9    2938.3
  384-480            672   10809.3     1231.6    2454.8   20.00     122.74   19     233.9    2939.3
  432-528            720   10865.3     1287.4    2565.7   20.00     128.29   19     233.8    2939.0
  480-576            768   10930.8     1353.0    2696.6   20.00     134.83   19     234.0    2938.8
  528-624            816   10998.9     1418.1    2826.4   20.00     141.32   19     234.3    2939.8
  559-655            848   11027.4     1447.2    2884.3   20.00     144.22   19     234.4    2940.1
ctx_curve rc=0
===== [qp4_bs8_msl897] msl=897 new=96 (compile) 2026-07-28T03:55:07-04:00 =====
rc=0 [mpk_engine] profiler: 84021302 events, header nblocks=208 ngroups=1, fill=32.3%
[mpk_engine] bs8_rep0: wall=11109.8ms steps=640 events=84021302
--- ctx_curve qp4_bs8_msl897 ---
anchor QC: n_it=809 anchor/step=1.0 max_frac_err=0.0000 valid=True mismatched_types=3
   MISMATCH t=0 TASK_TERMINATE obs=0.0 static=1
   MISMATCH t=201 TASK_SCHD_EVENTS obs=2277.0 static=0
   MISMATCH t=204 TASK_SCHD_PREPARE_BATCH obs=1.0 static=0
        iters  ctx(mean)   step_us  attn_wall  attn_sum  attn_n  attn_mean  blk  gdn_wall  fp8_wall
  141-237            364   13751.6     1259.6   13702.1  160.00      85.64  123    2364.6    2981.5
  189-285            407   11572.0      959.8   13838.1  160.00      86.49  123     785.5    2980.2
  237-333            455   11634.8     1022.1   14850.4  160.00      92.81  123     786.0    2981.2
  285-381            503   11704.8     1092.0   15875.0  160.00      99.22  123     786.0    2980.2
  333-429            551   11771.9     1159.3   16888.0  160.00     105.55  123     785.8    2980.5
  381-477            599   11835.5     1221.9   17924.0  160.00     112.03  123     785.7    2980.6
  429-525            647   11904.5     1289.5   18995.2  160.00     118.72  123     786.0    2978.9
  477-573            695   11976.3     1361.0   20066.3  160.00     125.42  123     785.8    2977.7
  525-621            743   12044.9     1430.4   21130.5  160.00     132.07  123     785.4    2978.9
  573-669            789   12099.6     1491.0   21796.6  160.00     136.23  123     785.1    2979.2
  621-717            822   12064.1     1518.6   18885.8  160.00     118.04  123     781.5    2979.7
  669-765            843   11876.9     1506.7   12535.3  160.00      78.35  123     772.3    2980.0
  713-809            861   11658.1     1483.1    6977.7  160.00      43.61  123     752.4    2967.4
ctx_curve rc=0
===== [qp2_bs1_msl897] msl=897 new=96 (compile) 2026-07-28T03:57:15-04:00 =====
rc=0 [mpk_engine] profiler: 60620962 events, header nblocks=208 ngroups=1, fill=23.3%
[mpk_engine] bs1_rep0: wall=6577.1ms steps=640 events=60620962
--- ctx_curve qp2_bs1_msl897 ---
anchor QC: n_it=655 anchor/step=1.0 max_frac_err=0.0000 valid=True mismatched_types=3
   MISMATCH t=0 TASK_TERMINATE obs=0.0 static=1
   MISMATCH t=201 TASK_SCHD_EVENTS obs=2277.0 static=0
   MISMATCH t=204 TASK_SCHD_PREPARE_BATCH obs=1.0 static=0
        iters  ctx(mean)   step_us  attn_wall  attn_sum  attn_n  attn_mean  blk  gdn_wall  fp8_wall
    0-96             296   11112.7      945.1    1882.0   20.00      94.10   19     962.4    2814.2
   48-144            336    9682.7      478.2     951.5   20.00      47.57   19     219.4    2810.2
   96-192            384    9714.1      504.9    1004.8   20.00      50.24   19     219.2    2811.2
  144-240            432    9742.0      531.4    1057.8   20.00      52.89   19     219.1    2812.0
  192-288            480    9767.5      556.5    1107.8   20.00      55.39   19     219.0    2812.0
  240-336            528    9790.6      581.5    1157.8   20.00      57.89   19     219.0    2811.4
  288-384            576    9815.6      608.0    1210.7   20.00      60.53   19     219.2    2811.1
  336-432            624    9841.2      634.3    1263.3   20.00      63.17   19     219.3    2811.2
  384-480            672    9867.6      658.6    1312.3   20.00      65.61   19     219.3    2810.8
  432-528            720    9892.0      683.3    1361.6   20.00      68.08   19     219.4    2810.9
  480-576            768    9917.2      710.5    1415.8   20.00      70.79   19     219.7    2811.0
  528-624            816    9946.1      737.6    1470.0   20.00      73.50   19     219.8    2811.5
  559-655            848    9960.7      752.2    1499.3   20.00      74.97   19     219.8    2811.7
ctx_curve rc=0
===== [qp2_bs8_msl897] msl=897 new=96 (compile) 2026-07-28T03:59:02-04:00 =====
rc=0 [mpk_engine] profiler: 84021302 events, header nblocks=208 ngroups=1, fill=32.3%
[mpk_engine] bs8_rep0: wall=10321.8ms steps=640 events=84021302
--- ctx_curve qp2_bs8_msl897 ---
anchor QC: n_it=809 anchor/step=1.0 max_frac_err=0.0000 valid=True mismatched_types=3
   MISMATCH t=0 TASK_TERMINATE obs=0.0 static=1
   MISMATCH t=201 TASK_SCHD_EVENTS obs=2277.0 static=0
   MISMATCH t=204 TASK_SCHD_PREPARE_BATCH obs=1.0 static=0
        iters  ctx(mean)   step_us  attn_wall  attn_sum  attn_n  attn_mean  blk  gdn_wall  fp8_wall
  141-237            364   12915.7      886.0    8064.2  160.00      50.40  123    2326.9    2846.7
  189-285            407   10655.3      518.8    7655.8  160.00      47.85  123     730.0    2846.8
  237-333            455   10679.8      544.4    8073.7  160.00      50.46  123     730.2    2847.0
  285-381            503   10707.1      571.0    8482.0  160.00      53.01  123     730.4    2847.1
  333-429            551   10732.6      597.0    8884.2  160.00      55.53  123     730.3    2847.6
  381-477            599   10757.8      621.9    9293.1  160.00      58.08  123     730.1    2847.2
  429-525            647   10785.4      647.5    9709.3  160.00      60.68  123     729.8    2845.8
  477-573            695   10812.6      674.3   10122.5  160.00      63.27  123     729.5    2845.2
  525-621            743   10838.5      700.6   10532.7  160.00      65.83  123     729.9    2846.1
  573-669            789   10856.7      723.9   10747.6  160.00      67.17  123     729.7    2846.4
  621-717            822   10813.2      737.8    9301.6  160.00      58.13  123     725.8    2846.1
  669-765            843   10670.4      742.8    6264.7  160.00      39.15  123     715.7    2845.3
  713-809            861   10515.4      747.5    3573.5  160.00      22.33  123     696.1    2832.8
ctx_curve rc=0
RUN_CTX_DONE 2026-07-28T04:01:09-04:00
